// Jest Snapshot v1, https://goo.gl/fbAQLP

exports[`ReservationCard Component Snapshot Test Basic Data 1`] = `
ReservationCard {
  "props": {
    "reservation": {
      "customer": {
        "adult": 2,
        "child": 1,
        "id": "200512254359",
        "level": "VIP",
        "memo": "독일 태생의 이론물리학자로서 역사상 가장 위대한 물리학자 중의 한명으로 널리 인정되고 있다. 상대성 이론을 개발한 것으로 가장 잘 알려져 있지만 양자역학 이론의 발전에도 중요한 공헌을 했다.",
        "name": "알베르트 아인슈타인",
        "request": "-",
        "timeVisitedLast": "2020-09-11 18:32:20",
      },
      "id": "53005895",
      "menus": [
        {
          "id": "02110701",
          "name": "봉골라 스파게티",
          "qty": 1,
        },
        {
          "id": "02090105",
          "name": "파이브 치즈 피자",
          "qty": 1,
        },
      ],
      "status": "seated",
      "tables": [
        {
          "floor": 1,
          "id": 0,
          "max": 4,
          "min": 1,
          "name": "1번 테이블",
        },
      ],
      "timeRegistered": "2020-10-10 18:02:20",
      "timeReserved": "2020-11-02 11:00:00",
    },
  },
  "state": {},
  "target": <div>
    
      
    <div
      class="card"
    >
      
        
      <div
        class="card-left"
      >
        
          
        <!-- 예약 시간 -->
        
          
        <div>
          11:00
        </div>
        
          
        <!-- 예약 상태 -->
        
          
        <div
          class="seated status"
        >
          착석 중
        </div>
        
        
      </div>
      

        
      <div
        class="card-content"
      >
        
          
        <!-- 예약자명 및 테이블명 -->
        
          
        <div
          class="ellipsis"
        >
          
            
          <span>
            알베르트 아인슈타인
          </span>
          
            
          <span>
            -
          </span>
          
            
          <span>
            1번 테이블
          </span>
          
          
        </div>
        

          
        <!-- 방문자수 -->
        
          
        <div
          class="card-visitors"
        >
          
            
          <span>
            성인 2
          </span>
          
            
          <span>
            아이 1
          </span>
          
          
        </div>
        

          
        <!-- 메뉴 -->
        
          
        <div
          class="ellipsis"
        >
          
            봉골라 스파게티(1), 파이브 치즈 피자(1)
          
        </div>
        
        
      </div>
      

        
      <!-- [착석] 또는 [퇴석] 버튼 -->
      
        
      <div
        class="card-action"
      >
        
          
        <button
          class="action-btn seated"
          id="action-btn"
        >
          
            퇴석
          
        </button>
        
        
      </div>
      
      
    </div>
    
    
  </div>,
}
`;
